// Jest Snapshot v1, https://goo.gl/fbAQLP

exports[`Renders correctly 1`] = `
<div>
  <div
    className="upper-container"
  >
    <SearchForm
      searchFlights={[Function]}
    />
  </div>
  <div
    className="main-container"
  >
    <ContainerMessage
      icon="fa fa-globe"
      message="Make one search and start traveling!"
    />
    <List
      items={Array []}
      noResults={false}
    />
  </div>
</div>
`;
