// Jest Snapshot v1, https://goo.gl/fbAQLP

exports[`Renders correctly 1`] = `
<form
  onSubmit={[Function]}
>
  <div
    className="search-form"
  >
    <div
      className="half"
    >
      <AutoComplete
        anchorOrigin={
          Object {
            "horizontal": "left",
            "vertical": "bottom",
          }
        }
        animated={true}
        dataSource={Array []}
        dataSourceConfig={
          Object {
            "text": "text",
            "value": "value",
          }
        }
        disableFocusRipple={true}
        errorText={undefined}
        filter={[Function]}
        floatingLabelText="Origin"
        fullWidth={false}
        menuCloseDelay={300}
        menuProps={
          Object {
            "autoWidth": true,
          }
        }
        name="flyFrom"
        onNewRequest={[Function]}
        onUpdateInput={[Function]}
        open={false}
        openOnFocus={true}
        targetOrigin={
          Object {
            "horizontal": "left",
            "vertical": "top",
          }
        }
      />
      <AutoComplete
        anchorOrigin={
          Object {
            "horizontal": "left",
            "vertical": "bottom",
          }
        }
        animated={true}
        dataSource={Array []}
        dataSourceConfig={
          Object {
            "text": "text",
            "value": "value",
          }
        }
        disableFocusRipple={true}
        errorText={undefined}
        filter={[Function]}
        floatingLabelText="Destination"
        fullWidth={false}
        menuCloseDelay={300}
        menuProps={
          Object {
            "autoWidth": true,
          }
        }
        name="to"
        onNewRequest={[Function]}
        onUpdateInput={[Function]}
        open={false}
        openOnFocus={true}
        targetOrigin={
          Object {
            "horizontal": "left",
            "vertical": "top",
          }
        }
      />
    </div>
    <div
      className="half"
    >
      <DatePicker
        autoOk={true}
        container="inline"
        disableYearSelection={false}
        disabled={false}
        errorText={undefined}
        firstDayOfWeek={1}
        floatingLabelText="Departure date"
        formatDate={[Function]}
        hideCalendarDate={false}
        mode="landscape"
        name="dateFrom"
        onChange={[Function]}
        shouldDisableDate={[Function]}
        style={Object {}}
      />
      <DatePicker
        autoOk={true}
        container="inline"
        disableYearSelection={false}
        disabled={false}
        errorText={undefined}
        firstDayOfWeek={1}
        floatingLabelText="Return date"
        formatDate={[Function]}
        hideCalendarDate={false}
        mode="landscape"
        name="dateTo"
        onChange={[Function]}
        shouldDisableDate={[Function]}
        style={Object {}}
      />
    </div>
  </div>
  <div
    style={
      Object {
        "textAlign": "center",
      }
    }
  >
    <RaisedButton
      backgroundColor="#a4c639"
      disabled={false}
      fullWidth={false}
      icon={
        <FontIcon
          className="fa fa-search"
          onMouseEnter={[Function]}
          onMouseLeave={[Function]}
        />
      }
      label="Search"
      labelPosition="after"
      primary={false}
      secondary={true}
      type="Submit"
    />
  </div>
</form>
`;
